<?xml version="1.0"?>
<link_info>
   <banner>MSP430 Linker PC v4.4.4</banner>
   <copyright>Copyright (c) 2003-2015 Texas Instruments Incorporated</copyright>
   <link_time>0x55400328</link_time>
   <link_errors>0x0</link_errors>
   <output_file>MSP430TestCodeExamples.out</output_file>
   <entry_point>
      <name>_c_int00_noargs_noexit</name>
      <address>0x8c2e</address>
   </entry_point>
   <input_file_list>
      <input_file id="fl-2">
         <path>.\</path>
         <kind>object</kind>
         <file>DCO_Library.obj</file>
         <name>DCO_Library.obj</name>
      </input_file>
      <input_file id="fl-3">
         <path>.\</path>
         <kind>object</kind>
         <file>PaLFI Demo.obj</file>
         <name>PaLFI Demo.obj</name>
      </input_file>
      <input_file id="fl-4">
         <path>.\</path>
         <kind>object</kind>
         <file>SPI_LowLevel.obj</file>
         <name>SPI_LowLevel.obj</name>
      </input_file>
      <input_file id="fl-5">
         <path>.\</path>
         <kind>object</kind>
         <file>SPI_Stack.obj</file>
         <name>SPI_Stack.obj</name>
      </input_file>
      <input_file id="fl-34">
         <path>C:\ticcs5\ccsv6\tools\compiler\ti-cgt-msp430_4.4.4\lib\</path>
         <kind>archive</kind>
         <file>rts430.lib</file>
         <name>boot.obj</name>
      </input_file>
      <input_file id="fl-35">
         <path>C:\ticcs5\ccsv6\tools\compiler\ti-cgt-msp430_4.4.4\lib\</path>
         <kind>archive</kind>
         <file>rts430.lib</file>
         <name>boot_special.obj</name>
      </input_file>
      <input_file id="fl-36">
         <path>C:\ticcs5\ccsv6\tools\compiler\ti-cgt-msp430_4.4.4\lib\</path>
         <kind>archive</kind>
         <file>rts430.lib</file>
         <name>copy_decompress_none.obj</name>
      </input_file>
      <input_file id="fl-37">
         <path>C:\ticcs5\ccsv6\tools\compiler\ti-cgt-msp430_4.4.4\lib\</path>
         <kind>archive</kind>
         <file>rts430.lib</file>
         <name>copy_decompress_rle.obj</name>
      </input_file>
      <input_file id="fl-38">
         <path>C:\ticcs5\ccsv6\tools\compiler\ti-cgt-msp430_4.4.4\lib\</path>
         <kind>archive</kind>
         <file>rts430.lib</file>
         <name>copy_zero_init.obj</name>
      </input_file>
      <input_file id="fl-39">
         <path>C:\ticcs5\ccsv6\tools\compiler\ti-cgt-msp430_4.4.4\lib\</path>
         <kind>archive</kind>
         <file>rts430.lib</file>
         <name>epilog.obj</name>
      </input_file>
      <input_file id="fl-3a">
         <path>C:\ticcs5\ccsv6\tools\compiler\ti-cgt-msp430_4.4.4\lib\</path>
         <kind>archive</kind>
         <file>rts430.lib</file>
         <name>exit.obj</name>
      </input_file>
      <input_file id="fl-3b">
         <path>C:\ticcs5\ccsv6\tools\compiler\ti-cgt-msp430_4.4.4\lib\</path>
         <kind>archive</kind>
         <file>rts430.lib</file>
         <name>exit_gvars.obj</name>
      </input_file>
      <input_file id="fl-3c">
         <path>C:\ticcs5\ccsv6\tools\compiler\ti-cgt-msp430_4.4.4\lib\</path>
         <kind>archive</kind>
         <file>rts430.lib</file>
         <name>int00.obj</name>
      </input_file>
      <input_file id="fl-3d">
         <path>C:\ticcs5\ccsv6\tools\compiler\ti-cgt-msp430_4.4.4\lib\</path>
         <kind>archive</kind>
         <file>rts430.lib</file>
         <name>int01.obj</name>
      </input_file>
      <input_file id="fl-3e">
         <path>C:\ticcs5\ccsv6\tools\compiler\ti-cgt-msp430_4.4.4\lib\</path>
         <kind>archive</kind>
         <file>rts430.lib</file>
         <name>int04.obj</name>
      </input_file>
      <input_file id="fl-3f">
         <path>C:\ticcs5\ccsv6\tools\compiler\ti-cgt-msp430_4.4.4\lib\</path>
         <kind>archive</kind>
         <file>rts430.lib</file>
         <name>int06.obj</name>
      </input_file>
      <input_file id="fl-40">
         <path>C:\ticcs5\ccsv6\tools\compiler\ti-cgt-msp430_4.4.4\lib\</path>
         <kind>archive</kind>
         <file>rts430.lib</file>
         <name>int07.obj</name>
      </input_file>
      <input_file id="fl-41">
         <path>C:\ticcs5\ccsv6\tools\compiler\ti-cgt-msp430_4.4.4\lib\</path>
         <kind>archive</kind>
         <file>rts430.lib</file>
         <name>int08.obj</name>
      </input_file>
      <input_file id="fl-42">
         <path>C:\ticcs5\ccsv6\tools\compiler\ti-cgt-msp430_4.4.4\lib\</path>
         <kind>archive</kind>
         <file>rts430.lib</file>
         <name>int10.obj</name>
      </input_file>
      <input_file id="fl-43">
         <path>C:\ticcs5\ccsv6\tools\compiler\ti-cgt-msp430_4.4.4\lib\</path>
         <kind>archive</kind>
         <file>rts430.lib</file>
         <name>int11.obj</name>
      </input_file>
      <input_file id="fl-44">
         <path>C:\ticcs5\ccsv6\tools\compiler\ti-cgt-msp430_4.4.4\lib\</path>
         <kind>archive</kind>
         <file>rts430.lib</file>
         <name>int12.obj</name>
      </input_file>
      <input_file id="fl-45">
         <path>C:\ticcs5\ccsv6\tools\compiler\ti-cgt-msp430_4.4.4\lib\</path>
         <kind>archive</kind>
         <file>rts430.lib</file>
         <name>int13.obj</name>
      </input_file>
      <input_file id="fl-46">
         <path>C:\ticcs5\ccsv6\tools\compiler\ti-cgt-msp430_4.4.4\lib\</path>
         <kind>archive</kind>
         <file>rts430.lib</file>
         <name>int14.obj</name>
      </input_file>
      <input_file id="fl-47">
         <path>C:\ticcs5\ccsv6\tools\compiler\ti-cgt-msp430_4.4.4\lib\</path>
         <kind>archive</kind>
         <file>rts430.lib</file>
         <name>isr_trap.obj</name>
      </input_file>
      <input_file id="fl-48">
         <path>C:\ticcs5\ccsv6\tools\compiler\ti-cgt-msp430_4.4.4\lib\</path>
         <kind>archive</kind>
         <file>rts430.lib</file>
         <name>memcpy.obj</name>
      </input_file>
      <input_file id="fl-49">
         <path>C:\ticcs5\ccsv6\tools\compiler\ti-cgt-msp430_4.4.4\lib\</path>
         <kind>archive</kind>
         <file>rts430.lib</file>
         <name>memset.obj</name>
      </input_file>
      <input_file id="fl-4a">
         <path>C:\ticcs5\ccsv6\tools\compiler\ti-cgt-msp430_4.4.4\lib\</path>
         <kind>archive</kind>
         <file>rts430.lib</file>
         <name>mpu_init.obj</name>
      </input_file>
      <input_file id="fl-4b">
         <path>C:\ticcs5\ccsv6\tools\compiler\ti-cgt-msp430_4.4.4\lib\</path>
         <kind>archive</kind>
         <file>rts430.lib</file>
         <name>pre_init.obj</name>
      </input_file>
      <input_file id="fl-4c">
         <path>C:\ticcs5\ccsv6\tools\compiler\ti-cgt-msp430_4.4.4\lib\</path>
         <kind>archive</kind>
         <file>rts430.lib</file>
         <name>sprintf.obj</name>
      </input_file>
      <input_file id="fl-4d">
         <path>C:\ticcs5\ccsv6\tools\compiler\ti-cgt-msp430_4.4.4\lib\</path>
         <kind>archive</kind>
         <file>rts430.lib</file>
         <name>_lock.obj</name>
      </input_file>
      <input_file id="fl-4e">
         <path>C:\ticcs5\ccsv6\tools\compiler\ti-cgt-msp430_4.4.4\lib\</path>
         <kind>archive</kind>
         <file>rts430.lib</file>
         <name>_printfi_min.obj</name>
      </input_file>
      <input_file id="fl-4f">
         <path>C:\ticcs5\ccsv6\tools\compiler\ti-cgt-msp430_4.4.4\lib\</path>
         <kind>archive</kind>
         <file>rts430.lib</file>
         <name>args_main.obj</name>
      </input_file>
      <input_file id="fl-50">
         <path>C:\ticcs5\ccsv6\tools\compiler\ti-cgt-msp430_4.4.4\lib\</path>
         <kind>archive</kind>
         <file>rts430.lib</file>
         <name>autoinit.obj</name>
      </input_file>
      <input_file id="fl-51">
         <path>C:\ticcs5\ccsv6\tools\compiler\ti-cgt-msp430_4.4.4\lib\</path>
         <kind>archive</kind>
         <file>rts430.lib</file>
         <name>div16u.obj</name>
      </input_file>
      <input_file id="fl-52">
         <path>C:\ticcs5\ccsv6\tools\compiler\ti-cgt-msp430_4.4.4\lib\</path>
         <kind>archive</kind>
         <file>rts430.lib</file>
         <name>lsr16.obj</name>
      </input_file>
      <input_file id="fl-53">
         <path>C:\ticcs5\ccsv6\tools\compiler\ti-cgt-msp430_4.4.4\lib\</path>
         <kind>archive</kind>
         <file>rts430.lib</file>
         <name>memccpy.obj</name>
      </input_file>
      <input_file id="fl-54">
         <path>C:\ticcs5\ccsv6\tools\compiler\ti-cgt-msp430_4.4.4\lib\</path>
         <kind>archive</kind>
         <file>rts430.lib</file>
         <name>mult16.obj</name>
      </input_file>
      <input_file id="fl-55">
         <path>C:\ticcs5\ccsv6\tools\compiler\ti-cgt-msp430_4.4.4\lib\</path>
         <kind>archive</kind>
         <file>rts430.lib</file>
         <name>strlen.obj</name>
      </input_file>
   </input_file_list>
   <object_component_list>
      <object_component id="oc-40">
         <name>.bss</name>
         <uninitialized>true</uninitialized>
         <run_address>0x230</run_address>
         <size>0x14</size>
         <input_file_ref idref="fl-3"/>
      </object_component>
      <object_component id="oc-48">
         <name>.bss</name>
         <uninitialized>true</uninitialized>
         <run_address>0x22f</run_address>
         <size>0x1</size>
         <input_file_ref idref="fl-4"/>
      </object_component>
      <object_component id="oc-4e">
         <name>.bss</name>
         <uninitialized>true</uninitialized>
         <run_address>0x200</run_address>
         <size>0x2f</size>
         <input_file_ref idref="fl-5"/>
      </object_component>
      <object_component id="oc-55">
         <name>.stack</name>
         <uninitialized>true</uninitialized>
         <run_address>0x5b0</run_address>
         <size>0x2</size>
         <input_file_ref idref="fl-34"/>
      </object_component>
      <object_component id="oc-12f">
         <name>.stack</name>
         <uninitialized>true</uninitialized>
         <run_address>0x5b0</run_address>
         <size>0x0</size>
      </object_component>
      <object_component id="oc-e6">
         <name>.text:autotrim</name>
         <load_address>0x8000</load_address>
         <run_address>0x8000</run_address>
         <size>0x1e8</size>
         <input_file_ref idref="fl-3"/>
      </object_component>
      <object_component id="oc-d0">
         <name>.text:main</name>
         <load_address>0x81e8</load_address>
         <run_address>0x81e8</run_address>
         <size>0x1c0</size>
         <input_file_ref idref="fl-3"/>
      </object_component>
      <object_component id="oc-fe">
         <name>.text:_setfield</name>
         <load_address>0x83a8</load_address>
         <run_address>0x83a8</run_address>
         <size>0x116</size>
         <input_file_ref idref="fl-4e"/>
      </object_component>
      <object_component id="oc-3b">
         <name>.text</name>
         <load_address>0x84be</load_address>
         <run_address>0x84be</run_address>
         <size>0xcc</size>
         <input_file_ref idref="fl-2"/>
      </object_component>
      <object_component id="oc-fa">
         <name>.text:__TI_printfi_minimal</name>
         <load_address>0x858a</load_address>
         <run_address>0x858a</run_address>
         <size>0xca</size>
         <input_file_ref idref="fl-4e"/>
      </object_component>
      <object_component id="oc-e8">
         <name>.text:SPI_Program_UserPage</name>
         <load_address>0x8654</load_address>
         <run_address>0x8654</run_address>
         <size>0x7c</size>
         <input_file_ref idref="fl-5"/>
      </object_component>
      <object_component id="oc-104">
         <name>.text:_ltostr</name>
         <load_address>0x86d0</load_address>
         <run_address>0x86d0</run_address>
         <size>0x56</size>
         <input_file_ref idref="fl-4e"/>
      </object_component>
      <object_component id="oc-e3">
         <name>.text:SPI_Read_SerialNum</name>
         <load_address>0x8726</load_address>
         <run_address>0x8726</run_address>
         <size>0x4e</size>
         <input_file_ref idref="fl-5"/>
      </object_component>
      <object_component id="oc-e4">
         <name>.text:SPI_Read_UserPage</name>
         <load_address>0x8774</load_address>
         <run_address>0x8774</run_address>
         <size>0x4e</size>
         <input_file_ref idref="fl-5"/>
      </object_component>
      <object_component id="oc-101">
         <name>.text:_pproc_diouxp</name>
         <load_address>0x87c2</load_address>
         <run_address>0x87c2</run_address>
         <size>0x4e</size>
         <input_file_ref idref="fl-4e"/>
      </object_component>
      <object_component id="oc-de">
         <name>.text:SPI_Read_CU_Data</name>
         <load_address>0x8810</load_address>
         <run_address>0x8810</run_address>
         <size>0x4c</size>
         <input_file_ref idref="fl-5"/>
      </object_component>
      <object_component id="oc-df">
         <name>.text:SPI_Write_CU_Data</name>
         <load_address>0x885c</load_address>
         <run_address>0x885c</run_address>
         <size>0x4c</size>
         <input_file_ref idref="fl-5"/>
      </object_component>
      <object_component id="oc-b2">
         <name>.text</name>
         <load_address>0x88a8</load_address>
         <run_address>0x88a8</run_address>
         <size>0x4c</size>
         <input_file_ref idref="fl-52"/>
      </object_component>
      <object_component id="oc-fb">
         <name>.text:MSP430_SPI_Tx</name>
         <load_address>0x88f4</load_address>
         <run_address>0x88f4</run_address>
         <size>0x48</size>
         <input_file_ref idref="fl-4"/>
      </object_component>
      <object_component id="oc-cc">
         <name>.text:_auto_init</name>
         <load_address>0x893c</load_address>
         <run_address>0x893c</run_address>
         <size>0x48</size>
         <input_file_ref idref="fl-50"/>
      </object_component>
      <object_component id="oc-ff">
         <name>.text:_pproc_str</name>
         <load_address>0x8984</load_address>
         <run_address>0x8984</run_address>
         <size>0x48</size>
         <input_file_ref idref="fl-4e"/>
      </object_component>
      <object_component id="oc-ee">
         <name>.text:MSP430_SPI_Rx</name>
         <load_address>0x89cc</load_address>
         <run_address>0x89cc</run_address>
         <size>0x46</size>
         <input_file_ref idref="fl-4"/>
      </object_component>
      <object_component id="oc-f6">
         <name>.text:SPI_CLKA_ON</name>
         <load_address>0x8a12</load_address>
         <run_address>0x8a12</run_address>
         <size>0x46</size>
         <input_file_ref idref="fl-5"/>
      </object_component>
      <object_component id="oc-e2">
         <name>.text:SPI_Read_PCU_State</name>
         <load_address>0x8a58</load_address>
         <run_address>0x8a58</run_address>
         <size>0x44</size>
         <input_file_ref idref="fl-5"/>
      </object_component>
      <object_component id="oc-e7">
         <name>.text:sprintf</name>
         <load_address>0x8a9c</load_address>
         <run_address>0x8a9c</run_address>
         <size>0x38</size>
         <input_file_ref idref="fl-4c"/>
      </object_component>
      <object_component id="oc-dd">
         <name>.text:MSP430_SPI_Init</name>
         <load_address>0x8ad4</load_address>
         <run_address>0x8ad4</run_address>
         <size>0x34</size>
         <input_file_ref idref="fl-4"/>
      </object_component>
      <object_component id="oc-f7">
         <name>.text:SPI_CLKA_OFF</name>
         <load_address>0x8b08</load_address>
         <run_address>0x8b08</run_address>
         <size>0x32</size>
         <input_file_ref idref="fl-5"/>
      </object_component>
      <object_component id="oc-103">
         <name>.text:_getarg_diouxp</name>
         <load_address>0x8b3a</load_address>
         <run_address>0x8b3a</run_address>
         <size>0x2e</size>
         <input_file_ref idref="fl-4e"/>
      </object_component>
      <object_component id="oc-f5">
         <name>.text:SPI_TRIM_WO_PROG</name>
         <load_address>0x8b68</load_address>
         <run_address>0x8b68</run_address>
         <size>0x2a</size>
         <input_file_ref idref="fl-5"/>
      </object_component>
      <object_component id="oc-f4">
         <name>.text:SPI_TRIM_W_PROG</name>
         <load_address>0x8b92</load_address>
         <run_address>0x8b92</run_address>
         <size>0x2a</size>
         <input_file_ref idref="fl-5"/>
      </object_component>
      <object_component id="oc-e5">
         <name>.text:SPI_Power_Down</name>
         <load_address>0x8bbc</load_address>
         <run_address>0x8bbc</run_address>
         <size>0x1e</size>
         <input_file_ref idref="fl-5"/>
      </object_component>
      <object_component id="oc-dc">
         <name>.text:Delay_500ms</name>
         <load_address>0x8bda</load_address>
         <run_address>0x8bda</run_address>
         <size>0x1c</size>
         <input_file_ref idref="fl-3"/>
      </object_component>
      <object_component id="oc-eb">
         <name>.text:SPI_Buf_Set_Output_Byte</name>
         <load_address>0x8bf6</load_address>
         <run_address>0x8bf6</run_address>
         <size>0x1c</size>
         <input_file_ref idref="fl-5"/>
      </object_component>
      <object_component id="oc-e0">
         <name>.text:Toggle_LED_500ms</name>
         <load_address>0x8c12</load_address>
         <run_address>0x8c12</run_address>
         <size>0x1c</size>
         <input_file_ref idref="fl-3"/>
      </object_component>
      <object_component id="oc-35">
         <name>.text:_c_int00_noargs_noexit</name>
         <load_address>0x8c2e</load_address>
         <run_address>0x8c2e</run_address>
         <size>0x1a</size>
         <input_file_ref idref="fl-35"/>
      </object_component>
      <object_component id="oc-f8">
         <name>.text:_outs</name>
         <load_address>0x8c48</load_address>
         <run_address>0x8c48</run_address>
         <size>0x1a</size>
         <input_file_ref idref="fl-4c"/>
      </object_component>
      <object_component id="oc-102">
         <name>.text:memccpy</name>
         <load_address>0x8c62</load_address>
         <run_address>0x8c62</run_address>
         <size>0x1a</size>
         <input_file_ref idref="fl-53"/>
      </object_component>
      <object_component id="oc-ed">
         <name>.text:SPI_Buf_Send</name>
         <load_address>0x8c7c</load_address>
         <run_address>0x8c7c</run_address>
         <size>0x18</size>
         <input_file_ref idref="fl-5"/>
      </object_component>
      <object_component id="oc-105">
         <name>.text:_div</name>
         <load_address>0x8c94</load_address>
         <run_address>0x8c94</run_address>
         <size>0x18</size>
         <input_file_ref idref="fl-4e"/>
      </object_component>
      <object_component id="oc-e1">
         <name>.text:Wake_PaLFI</name>
         <load_address>0x8cac</load_address>
         <run_address>0x8cac</run_address>
         <size>0x16</size>
         <input_file_ref idref="fl-4"/>
      </object_component>
      <object_component id="oc-ad">
         <name>.text</name>
         <load_address>0x8cc2</load_address>
         <run_address>0x8cc2</run_address>
         <size>0x16</size>
         <input_file_ref idref="fl-51"/>
      </object_component>
      <object_component id="oc-db">
         <name>.text:memset</name>
         <load_address>0x8cd8</load_address>
         <run_address>0x8cd8</run_address>
         <size>0x14</size>
         <input_file_ref idref="fl-49"/>
      </object_component>
      <object_component id="oc-106">
         <name>.text</name>
         <load_address>0x8cec</load_address>
         <run_address>0x8cec</run_address>
         <size>0x14</size>
         <input_file_ref idref="fl-54"/>
      </object_component>
      <object_component id="oc-ec">
         <name>.text:SPI_Buf_Set_Telegram_Length</name>
         <load_address>0x8d00</load_address>
         <run_address>0x8d00</run_address>
         <size>0x12</size>
         <input_file_ref idref="fl-5"/>
      </object_component>
      <object_component id="oc-f9">
         <name>.text:_outc</name>
         <load_address>0x8d12</load_address>
         <run_address>0x8d12</run_address>
         <size>0x12</size>
         <input_file_ref idref="fl-4c"/>
      </object_component>
      <object_component id="oc-c5">
         <name>.text:memcpy</name>
         <load_address>0x8d24</load_address>
         <run_address>0x8d24</run_address>
         <size>0x12</size>
         <input_file_ref idref="fl-48"/>
      </object_component>
      <object_component id="oc-c7">
         <name>.text:PORT1_ISR</name>
         <load_address>0x8d36</load_address>
         <run_address>0x8d36</run_address>
         <size>0x10</size>
         <input_file_ref idref="fl-3"/>
      </object_component>
      <object_component id="oc-c8">
         <name>.text:PORT2_ISR</name>
         <load_address>0x8d46</load_address>
         <run_address>0x8d46</run_address>
         <size>0x10</size>
         <input_file_ref idref="fl-3"/>
      </object_component>
      <object_component id="oc-100">
         <name>.text:Stop_SPI_WDT</name>
         <load_address>0x8d56</load_address>
         <run_address>0x8d56</run_address>
         <size>0x10</size>
         <input_file_ref idref="fl-4"/>
      </object_component>
      <object_component id="oc-d2">
         <name>.text</name>
         <load_address>0x8d66</load_address>
         <run_address>0x8d66</run_address>
         <size>0x10</size>
         <input_file_ref idref="fl-39"/>
      </object_component>
      <object_component id="oc-fd">
         <name>.text:strlen</name>
         <load_address>0x8d76</load_address>
         <run_address>0x8d76</run_address>
         <size>0xe</size>
         <input_file_ref idref="fl-55"/>
      </object_component>
      <object_component id="oc-f2">
         <name>.text:SPI_Set_Up_Telegram</name>
         <load_address>0x8d84</load_address>
         <run_address>0x8d84</run_address>
         <size>0xc</size>
         <input_file_ref idref="fl-5"/>
      </object_component>
      <object_component id="oc-c9">
         <name>.text:ADC10_ISR</name>
         <load_address>0x8d90</load_address>
         <run_address>0x8d90</run_address>
         <size>0x8</size>
         <input_file_ref idref="fl-3"/>
      </object_component>
      <object_component id="oc-ef">
         <name>.text:ErrorMode</name>
         <load_address>0x8d98</load_address>
         <run_address>0x8d98</run_address>
         <size>0x8</size>
         <input_file_ref idref="fl-4"/>
      </object_component>
      <object_component id="oc-ca">
         <name>.text:Timer_A</name>
         <load_address>0x8da0</load_address>
         <run_address>0x8da0</run_address>
         <size>0x8</size>
         <input_file_ref idref="fl-3"/>
      </object_component>
      <object_component id="oc-fc">
         <name>.text:Wait_for_Busy_low</name>
         <load_address>0x8da8</load_address>
         <run_address>0x8da8</run_address>
         <size>0x8</size>
         <input_file_ref idref="fl-4"/>
      </object_component>
      <object_component id="oc-f1">
         <name>.text:LED_OFF</name>
         <load_address>0x8db0</load_address>
         <run_address>0x8db0</run_address>
         <size>0x6</size>
         <input_file_ref idref="fl-3"/>
      </object_component>
      <object_component id="oc-f0">
         <name>.text:LED_ON</name>
         <load_address>0x8db6</load_address>
         <run_address>0x8db6</run_address>
         <size>0x6</size>
         <input_file_ref idref="fl-3"/>
      </object_component>
      <object_component id="oc-ea">
         <name>.text:SPI_Buf_Reset</name>
         <load_address>0x8dbc</load_address>
         <run_address>0x8dbc</run_address>
         <size>0x6</size>
         <input_file_ref idref="fl-5"/>
      </object_component>
      <object_component id="oc-7a">
         <name>.text:_isr:__TI_ISR_TRAP</name>
         <load_address>0x8dc2</load_address>
         <run_address>0x8dc2</run_address>
         <size>0x6</size>
         <input_file_ref idref="fl-47"/>
      </object_component>
      <object_component id="oc-cb">
         <name>.text:_system_pre_init</name>
         <load_address>0x8dc8</load_address>
         <run_address>0x8dc8</run_address>
         <size>0x4</size>
         <input_file_ref idref="fl-4b"/>
      </object_component>
      <object_component id="oc-d1">
         <name>.text:abort</name>
         <load_address>0x8dcc</load_address>
         <run_address>0x8dcc</run_address>
         <size>0x4</size>
         <input_file_ref idref="fl-3a"/>
      </object_component>
      <object_component id="oc-42">
         <name>.cinit</name>
         <load_address>0x8dfc</load_address>
         <run_address>0x8dfc</run_address>
         <size>0x5</size>
         <input_file_ref idref="fl-3"/>
      </object_component>
      <object_component id="oc-9e">
         <name>.const:.string</name>
         <load_address>0x8dd0</load_address>
         <run_address>0x8dd0</run_address>
         <size>0x14</size>
         <input_file_ref idref="fl-4e"/>
      </object_component>
      <object_component id="oc-43">
         <name>.const:.string</name>
         <load_address>0x8de4</load_address>
         <run_address>0x8de4</run_address>
         <size>0x12</size>
         <input_file_ref idref="fl-3"/>
      </object_component>
      <object_component id="oc-f3">
         <name>.const:.string:$P$T0$1</name>
         <load_address>0x8df6</load_address>
         <run_address>0x8df6</run_address>
         <size>0x5</size>
         <input_file_ref idref="fl-3"/>
      </object_component>
      <object_component id="oc-21">
         <name>.int00</name>
         <load_address>0xffe0</load_address>
         <run_address>0xffe0</run_address>
         <size>0x2</size>
         <input_file_ref idref="fl-3c"/>
      </object_component>
      <object_component id="oc-22">
         <name>.int01</name>
         <load_address>0xffe2</load_address>
         <run_address>0xffe2</run_address>
         <size>0x2</size>
         <input_file_ref idref="fl-3d"/>
      </object_component>
      <object_component id="oc-23">
         <name>.int02</name>
         <load_address>0xffe4</load_address>
         <run_address>0xffe4</run_address>
         <size>0x2</size>
         <input_file_ref idref="fl-3"/>
      </object_component>
      <object_component id="oc-24">
         <name>.int03</name>
         <load_address>0xffe6</load_address>
         <run_address>0xffe6</run_address>
         <size>0x2</size>
         <input_file_ref idref="fl-3"/>
      </object_component>
      <object_component id="oc-25">
         <name>.int04</name>
         <load_address>0xffe8</load_address>
         <run_address>0xffe8</run_address>
         <size>0x2</size>
         <input_file_ref idref="fl-3e"/>
      </object_component>
      <object_component id="oc-26">
         <name>.int05</name>
         <load_address>0xffea</load_address>
         <run_address>0xffea</run_address>
         <size>0x2</size>
         <input_file_ref idref="fl-3"/>
      </object_component>
      <object_component id="oc-27">
         <name>.int06</name>
         <load_address>0xffec</load_address>
         <run_address>0xffec</run_address>
         <size>0x2</size>
         <input_file_ref idref="fl-3f"/>
      </object_component>
      <object_component id="oc-28">
         <name>.int07</name>
         <load_address>0xffee</load_address>
         <run_address>0xffee</run_address>
         <size>0x2</size>
         <input_file_ref idref="fl-40"/>
      </object_component>
      <object_component id="oc-29">
         <name>.int08</name>
         <load_address>0xfff0</load_address>
         <run_address>0xfff0</run_address>
         <size>0x2</size>
         <input_file_ref idref="fl-41"/>
      </object_component>
      <object_component id="oc-2a">
         <name>.int09</name>
         <load_address>0xfff2</load_address>
         <run_address>0xfff2</run_address>
         <size>0x2</size>
         <input_file_ref idref="fl-3"/>
      </object_component>
      <object_component id="oc-2b">
         <name>.int10</name>
         <load_address>0xfff4</load_address>
         <run_address>0xfff4</run_address>
         <size>0x2</size>
         <input_file_ref idref="fl-42"/>
      </object_component>
      <object_component id="oc-2c">
         <name>.int11</name>
         <load_address>0xfff6</load_address>
         <run_address>0xfff6</run_address>
         <size>0x2</size>
         <input_file_ref idref="fl-43"/>
      </object_component>
      <object_component id="oc-2d">
         <name>.int12</name>
         <load_address>0xfff8</load_address>
         <run_address>0xfff8</run_address>
         <size>0x2</size>
         <input_file_ref idref="fl-44"/>
      </object_component>
      <object_component id="oc-2e">
         <name>.int13</name>
         <load_address>0xfffa</load_address>
         <run_address>0xfffa</run_address>
         <size>0x2</size>
         <input_file_ref idref="fl-45"/>
      </object_component>
      <object_component id="oc-2f">
         <name>.int14</name>
         <load_address>0xfffc</load_address>
         <run_address>0xfffc</run_address>
         <size>0x2</size>
         <input_file_ref idref="fl-46"/>
      </object_component>
      <object_component id="oc-56">
         <name>.reset</name>
         <load_address>0xfffe</load_address>
         <run_address>0xfffe</run_address>
         <size>0x2</size>
         <input_file_ref idref="fl-34"/>
      </object_component>
      <object_component id="oc-3c">
         <name>.debug_info</name>
         <load_address>0x0</load_address>
         <run_address>0x0</run_address>
         <size>0xfa</size>
         <input_file_ref idref="fl-2"/>
      </object_component>
      <object_component id="oc-41">
         <name>.debug_info</name>
         <load_address>0xfa</load_address>
         <run_address>0xfa</run_address>
         <size>0x1015</size>
         <input_file_ref idref="fl-3"/>
      </object_component>
      <object_component id="oc-49">
         <name>.debug_info</name>
         <load_address>0x110f</load_address>
         <run_address>0x110f</run_address>
         <size>0x6c6</size>
         <input_file_ref idref="fl-4"/>
      </object_component>
      <object_component id="oc-4f">
         <name>.debug_info</name>
         <load_address>0x17d5</load_address>
         <run_address>0x17d5</run_address>
         <size>0x13c8</size>
         <input_file_ref idref="fl-5"/>
      </object_component>
      <object_component id="oc-54">
         <name>.debug_info</name>
         <load_address>0x2b9d</load_address>
         <run_address>0x2b9d</run_address>
         <size>0x286</size>
         <input_file_ref idref="fl-34"/>
      </object_component>
      <object_component id="oc-5b">
         <name>.debug_info</name>
         <load_address>0x2e23</load_address>
         <run_address>0x2e23</run_address>
         <size>0x362</size>
         <input_file_ref idref="fl-35"/>
      </object_component>
      <object_component id="oc-60">
         <name>.debug_info</name>
         <load_address>0x3185</load_address>
         <run_address>0x3185</run_address>
         <size>0x2a4</size>
         <input_file_ref idref="fl-36"/>
      </object_component>
      <object_component id="oc-65">
         <name>.debug_info</name>
         <load_address>0x3429</load_address>
         <run_address>0x3429</run_address>
         <size>0x249</size>
         <input_file_ref idref="fl-37"/>
      </object_component>
      <object_component id="oc-6a">
         <name>.debug_info</name>
         <load_address>0x3672</load_address>
         <run_address>0x3672</run_address>
         <size>0x25f</size>
         <input_file_ref idref="fl-38"/>
      </object_component>
      <object_component id="oc-6f">
         <name>.debug_info</name>
         <load_address>0x38d1</load_address>
         <run_address>0x38d1</run_address>
         <size>0xf3</size>
         <input_file_ref idref="fl-39"/>
      </object_component>
      <object_component id="oc-73">
         <name>.debug_info</name>
         <load_address>0x39c4</load_address>
         <run_address>0x39c4</run_address>
         <size>0x2c9</size>
         <input_file_ref idref="fl-3a"/>
      </object_component>
      <object_component id="oc-78">
         <name>.debug_info</name>
         <load_address>0x3c8d</load_address>
         <run_address>0x3c8d</run_address>
         <size>0x1a0</size>
         <input_file_ref idref="fl-3b"/>
      </object_component>
      <object_component id="oc-7b">
         <name>.debug_info</name>
         <load_address>0x3e2d</load_address>
         <run_address>0x3e2d</run_address>
         <size>0xe6</size>
         <input_file_ref idref="fl-47"/>
      </object_component>
      <object_component id="oc-7f">
         <name>.debug_info</name>
         <load_address>0x3f13</load_address>
         <run_address>0x3f13</run_address>
         <size>0x2d2</size>
         <input_file_ref idref="fl-48"/>
      </object_component>
      <object_component id="oc-84">
         <name>.debug_info</name>
         <load_address>0x41e5</load_address>
         <run_address>0x41e5</run_address>
         <size>0x35f</size>
         <input_file_ref idref="fl-49"/>
      </object_component>
      <object_component id="oc-89">
         <name>.debug_info</name>
         <load_address>0x4544</load_address>
         <run_address>0x4544</run_address>
         <size>0x29e</size>
         <input_file_ref idref="fl-4a"/>
      </object_component>
      <object_component id="oc-8e">
         <name>.debug_info</name>
         <load_address>0x47e2</load_address>
         <run_address>0x47e2</run_address>
         <size>0x25b</size>
         <input_file_ref idref="fl-4b"/>
      </object_component>
      <object_component id="oc-93">
         <name>.debug_info</name>
         <load_address>0x4a3d</load_address>
         <run_address>0x4a3d</run_address>
         <size>0x4e2</size>
         <input_file_ref idref="fl-4c"/>
      </object_component>
      <object_component id="oc-98">
         <name>.debug_info</name>
         <load_address>0x4f1f</load_address>
         <run_address>0x4f1f</run_address>
         <size>0x204</size>
         <input_file_ref idref="fl-4d"/>
      </object_component>
      <object_component id="oc-9d">
         <name>.debug_info</name>
         <load_address>0x5123</load_address>
         <run_address>0x5123</run_address>
         <size>0xc4e</size>
         <input_file_ref idref="fl-4e"/>
      </object_component>
      <object_component id="oc-a3">
         <name>.debug_info</name>
         <load_address>0x5d71</load_address>
         <run_address>0x5d71</run_address>
         <size>0x2b6</size>
         <input_file_ref idref="fl-4f"/>
      </object_component>
      <object_component id="oc-a8">
         <name>.debug_info</name>
         <load_address>0x6027</load_address>
         <run_address>0x6027</run_address>
         <size>0x370</size>
         <input_file_ref idref="fl-50"/>
      </object_component>
      <object_component id="oc-ae">
         <name>.debug_info</name>
         <load_address>0x6397</load_address>
         <run_address>0x6397</run_address>
         <size>0xea</size>
         <input_file_ref idref="fl-51"/>
      </object_component>
      <object_component id="oc-b3">
         <name>.debug_info</name>
         <load_address>0x6481</load_address>
         <run_address>0x6481</run_address>
         <size>0xe7</size>
         <input_file_ref idref="fl-52"/>
      </object_component>
      <object_component id="oc-b7">
         <name>.debug_info</name>
         <load_address>0x6568</load_address>
         <run_address>0x6568</run_address>
         <size>0x2d4</size>
         <input_file_ref idref="fl-53"/>
      </object_component>
      <object_component id="oc-bc">
         <name>.debug_info</name>
         <load_address>0x683c</load_address>
         <run_address>0x683c</run_address>
         <size>0xea</size>
         <input_file_ref idref="fl-54"/>
      </object_component>
      <object_component id="oc-c0">
         <name>.debug_info</name>
         <load_address>0x6926</load_address>
         <run_address>0x6926</run_address>
         <size>0x310</size>
         <input_file_ref idref="fl-55"/>
      </object_component>
      <object_component id="oc-130">
         <name>.debug_info</name>
         <load_address>0x6c36</load_address>
         <run_address>0x6c36</run_address>
         <size>0xbb</size>
      </object_component>
      <object_component id="oc-3d">
         <name>.debug_line</name>
         <load_address>0x0</load_address>
         <run_address>0x0</run_address>
         <size>0x82</size>
         <input_file_ref idref="fl-2"/>
      </object_component>
      <object_component id="oc-45">
         <name>.debug_line</name>
         <load_address>0x82</load_address>
         <run_address>0x82</run_address>
         <size>0x31b</size>
         <input_file_ref idref="fl-3"/>
      </object_component>
      <object_component id="oc-4b">
         <name>.debug_line</name>
         <load_address>0x39d</load_address>
         <run_address>0x39d</run_address>
         <size>0x141</size>
         <input_file_ref idref="fl-4"/>
      </object_component>
      <object_component id="oc-51">
         <name>.debug_line</name>
         <load_address>0x4de</load_address>
         <run_address>0x4de</run_address>
         <size>0x282</size>
         <input_file_ref idref="fl-5"/>
      </object_component>
      <object_component id="oc-58">
         <name>.debug_line</name>
         <load_address>0x760</load_address>
         <run_address>0x760</run_address>
         <size>0x27</size>
         <input_file_ref idref="fl-34"/>
      </object_component>
      <object_component id="oc-5d">
         <name>.debug_line</name>
         <load_address>0x787</load_address>
         <run_address>0x787</run_address>
         <size>0x4c</size>
         <input_file_ref idref="fl-35"/>
      </object_component>
      <object_component id="oc-62">
         <name>.debug_line</name>
         <load_address>0x7d3</load_address>
         <run_address>0x7d3</run_address>
         <size>0x37</size>
         <input_file_ref idref="fl-36"/>
      </object_component>
      <object_component id="oc-67">
         <name>.debug_line</name>
         <load_address>0x80a</load_address>
         <run_address>0x80a</run_address>
         <size>0x36</size>
         <input_file_ref idref="fl-37"/>
      </object_component>
      <object_component id="oc-6c">
         <name>.debug_line</name>
         <load_address>0x840</load_address>
         <run_address>0x840</run_address>
         <size>0x31</size>
         <input_file_ref idref="fl-38"/>
      </object_component>
      <object_component id="oc-70">
         <name>.debug_line</name>
         <load_address>0x871</load_address>
         <run_address>0x871</run_address>
         <size>0x40</size>
         <input_file_ref idref="fl-39"/>
      </object_component>
      <object_component id="oc-75">
         <name>.debug_line</name>
         <load_address>0x8b1</load_address>
         <run_address>0x8b1</run_address>
         <size>0x3d</size>
         <input_file_ref idref="fl-3a"/>
      </object_component>
      <object_component id="oc-7c">
         <name>.debug_line</name>
         <load_address>0x8ee</load_address>
         <run_address>0x8ee</run_address>
         <size>0x3c</size>
         <input_file_ref idref="fl-47"/>
      </object_component>
      <object_component id="oc-81">
         <name>.debug_line</name>
         <load_address>0x92a</load_address>
         <run_address>0x92a</run_address>
         <size>0x45</size>
         <input_file_ref idref="fl-48"/>
      </object_component>
      <object_component id="oc-86">
         <name>.debug_line</name>
         <load_address>0x96f</load_address>
         <run_address>0x96f</run_address>
         <size>0x8e</size>
         <input_file_ref idref="fl-49"/>
      </object_component>
      <object_component id="oc-8b">
         <name>.debug_line</name>
         <load_address>0x9fd</load_address>
         <run_address>0x9fd</run_address>
         <size>0x2b</size>
         <input_file_ref idref="fl-4a"/>
      </object_component>
      <object_component id="oc-90">
         <name>.debug_line</name>
         <load_address>0xa28</load_address>
         <run_address>0xa28</run_address>
         <size>0x3e</size>
         <input_file_ref idref="fl-4b"/>
      </object_component>
      <object_component id="oc-95">
         <name>.debug_line</name>
         <load_address>0xa66</load_address>
         <run_address>0xa66</run_address>
         <size>0x74</size>
         <input_file_ref idref="fl-4c"/>
      </object_component>
      <object_component id="oc-9a">
         <name>.debug_line</name>
         <load_address>0xada</load_address>
         <run_address>0xada</run_address>
         <size>0x28</size>
         <input_file_ref idref="fl-4d"/>
      </object_component>
      <object_component id="oc-a0">
         <name>.debug_line</name>
         <load_address>0xb02</load_address>
         <run_address>0xb02</run_address>
         <size>0x1c9</size>
         <input_file_ref idref="fl-4e"/>
      </object_component>
      <object_component id="oc-a5">
         <name>.debug_line</name>
         <load_address>0xccb</load_address>
         <run_address>0xccb</run_address>
         <size>0x2c</size>
         <input_file_ref idref="fl-4f"/>
      </object_component>
      <object_component id="oc-aa">
         <name>.debug_line</name>
         <load_address>0xcf7</load_address>
         <run_address>0xcf7</run_address>
         <size>0x78</size>
         <input_file_ref idref="fl-50"/>
      </object_component>
      <object_component id="oc-af">
         <name>.debug_line</name>
         <load_address>0xd6f</load_address>
         <run_address>0xd6f</run_address>
         <size>0x43</size>
         <input_file_ref idref="fl-51"/>
      </object_component>
      <object_component id="oc-b4">
         <name>.debug_line</name>
         <load_address>0xdb2</load_address>
         <run_address>0xdb2</run_address>
         <size>0x5e</size>
         <input_file_ref idref="fl-52"/>
      </object_component>
      <object_component id="oc-b9">
         <name>.debug_line</name>
         <load_address>0xe10</load_address>
         <run_address>0xe10</run_address>
         <size>0x48</size>
         <input_file_ref idref="fl-53"/>
      </object_component>
      <object_component id="oc-bd">
         <name>.debug_line</name>
         <load_address>0xe58</load_address>
         <run_address>0xe58</run_address>
         <size>0x42</size>
         <input_file_ref idref="fl-54"/>
      </object_component>
      <object_component id="oc-c2">
         <name>.debug_line</name>
         <load_address>0xe9a</load_address>
         <run_address>0xe9a</run_address>
         <size>0x8c</size>
         <input_file_ref idref="fl-55"/>
      </object_component>
      <object_component id="oc-3e">
         <name>.debug_abbrev</name>
         <load_address>0x0</load_address>
         <run_address>0x0</run_address>
         <size>0x2f</size>
         <input_file_ref idref="fl-2"/>
      </object_component>
      <object_component id="oc-46">
         <name>.debug_abbrev</name>
         <load_address>0x2f</load_address>
         <run_address>0x2f</run_address>
         <size>0x1ab</size>
         <input_file_ref idref="fl-3"/>
      </object_component>
      <object_component id="oc-4c">
         <name>.debug_abbrev</name>
         <load_address>0x1da</load_address>
         <run_address>0x1da</run_address>
         <size>0xe6</size>
         <input_file_ref idref="fl-4"/>
      </object_component>
      <object_component id="oc-52">
         <name>.debug_abbrev</name>
         <load_address>0x2c0</load_address>
         <run_address>0x2c0</run_address>
         <size>0x18a</size>
         <input_file_ref idref="fl-5"/>
      </object_component>
      <object_component id="oc-59">
         <name>.debug_abbrev</name>
         <load_address>0x44a</load_address>
         <run_address>0x44a</run_address>
         <size>0xb0</size>
         <input_file_ref idref="fl-34"/>
      </object_component>
      <object_component id="oc-5e">
         <name>.debug_abbrev</name>
         <load_address>0x4fa</load_address>
         <run_address>0x4fa</run_address>
         <size>0xb2</size>
         <input_file_ref idref="fl-35"/>
      </object_component>
      <object_component id="oc-63">
         <name>.debug_abbrev</name>
         <load_address>0x5ac</load_address>
         <run_address>0x5ac</run_address>
         <size>0xbb</size>
         <input_file_ref idref="fl-36"/>
      </object_component>
      <object_component id="oc-68">
         <name>.debug_abbrev</name>
         <load_address>0x667</load_address>
         <run_address>0x667</run_address>
         <size>0xd6</size>
         <input_file_ref idref="fl-37"/>
      </object_component>
      <object_component id="oc-6d">
         <name>.debug_abbrev</name>
         <load_address>0x73d</load_address>
         <run_address>0x73d</run_address>
         <size>0x9d</size>
         <input_file_ref idref="fl-38"/>
      </object_component>
      <object_component id="oc-71">
         <name>.debug_abbrev</name>
         <load_address>0x7da</load_address>
         <run_address>0x7da</run_address>
         <size>0x36</size>
         <input_file_ref idref="fl-39"/>
      </object_component>
      <object_component id="oc-76">
         <name>.debug_abbrev</name>
         <load_address>0x810</load_address>
         <run_address>0x810</run_address>
         <size>0xfe</size>
         <input_file_ref idref="fl-3a"/>
      </object_component>
      <object_component id="oc-79">
         <name>.debug_abbrev</name>
         <load_address>0x90e</load_address>
         <run_address>0x90e</run_address>
         <size>0x53</size>
         <input_file_ref idref="fl-3b"/>
      </object_component>
      <object_component id="oc-7d">
         <name>.debug_abbrev</name>
         <load_address>0x961</load_address>
         <run_address>0x961</run_address>
         <size>0x24</size>
         <input_file_ref idref="fl-47"/>
      </object_component>
      <object_component id="oc-82">
         <name>.debug_abbrev</name>
         <load_address>0x985</load_address>
         <run_address>0x985</run_address>
         <size>0x9f</size>
         <input_file_ref idref="fl-48"/>
      </object_component>
      <object_component id="oc-87">
         <name>.debug_abbrev</name>
         <load_address>0xa24</load_address>
         <run_address>0xa24</run_address>
         <size>0x9f</size>
         <input_file_ref idref="fl-49"/>
      </object_component>
      <object_component id="oc-8c">
         <name>.debug_abbrev</name>
         <load_address>0xac3</load_address>
         <run_address>0xac3</run_address>
         <size>0xa6</size>
         <input_file_ref idref="fl-4a"/>
      </object_component>
      <object_component id="oc-91">
         <name>.debug_abbrev</name>
         <load_address>0xb69</load_address>
         <run_address>0xb69</run_address>
         <size>0x68</size>
         <input_file_ref idref="fl-4b"/>
      </object_component>
      <object_component id="oc-96">
         <name>.debug_abbrev</name>
         <load_address>0xbd1</load_address>
         <run_address>0xbd1</run_address>
         <size>0x100</size>
         <input_file_ref idref="fl-4c"/>
      </object_component>
      <object_component id="oc-9b">
         <name>.debug_abbrev</name>
         <load_address>0xcd1</load_address>
         <run_address>0xcd1</run_address>
         <size>0xa9</size>
         <input_file_ref idref="fl-4d"/>
      </object_component>
      <object_component id="oc-a1">
         <name>.debug_abbrev</name>
         <load_address>0xd7a</load_address>
         <run_address>0xd7a</run_address>
         <size>0x170</size>
         <input_file_ref idref="fl-4e"/>
      </object_component>
      <object_component id="oc-a6">
         <name>.debug_abbrev</name>
         <load_address>0xeea</load_address>
         <run_address>0xeea</run_address>
         <size>0xec</size>
         <input_file_ref idref="fl-4f"/>
      </object_component>
      <object_component id="oc-ab">
         <name>.debug_abbrev</name>
         <load_address>0xfd6</load_address>
         <run_address>0xfd6</run_address>
         <size>0xec</size>
         <input_file_ref idref="fl-50"/>
      </object_component>
      <object_component id="oc-b0">
         <name>.debug_abbrev</name>
         <load_address>0x10c2</load_address>
         <run_address>0x10c2</run_address>
         <size>0x38</size>
         <input_file_ref idref="fl-51"/>
      </object_component>
      <object_component id="oc-b5">
         <name>.debug_abbrev</name>
         <load_address>0x10fa</load_address>
         <run_address>0x10fa</run_address>
         <size>0x38</size>
         <input_file_ref idref="fl-52"/>
      </object_component>
      <object_component id="oc-ba">
         <name>.debug_abbrev</name>
         <load_address>0x1132</load_address>
         <run_address>0x1132</run_address>
         <size>0x94</size>
         <input_file_ref idref="fl-53"/>
      </object_component>
      <object_component id="oc-be">
         <name>.debug_abbrev</name>
         <load_address>0x11c6</load_address>
         <run_address>0x11c6</run_address>
         <size>0x38</size>
         <input_file_ref idref="fl-54"/>
      </object_component>
      <object_component id="oc-c3">
         <name>.debug_abbrev</name>
         <load_address>0x11fe</load_address>
         <run_address>0x11fe</run_address>
         <size>0x9f</size>
         <input_file_ref idref="fl-55"/>
      </object_component>
      <object_component id="oc-131">
         <name>.debug_abbrev</name>
         <load_address>0x129d</load_address>
         <run_address>0x129d</run_address>
         <size>0xf</size>
      </object_component>
      <object_component id="oc-3f">
         <name>.debug_aranges</name>
         <load_address>0x0</load_address>
         <run_address>0x0</run_address>
         <size>0x20</size>
         <input_file_ref idref="fl-2"/>
      </object_component>
      <object_component id="oc-47">
         <name>.debug_aranges</name>
         <load_address>0x20</load_address>
         <run_address>0x20</run_address>
         <size>0x68</size>
         <input_file_ref idref="fl-3"/>
      </object_component>
      <object_component id="oc-4d">
         <name>.debug_aranges</name>
         <load_address>0x88</load_address>
         <run_address>0x88</run_address>
         <size>0x50</size>
         <input_file_ref idref="fl-4"/>
      </object_component>
      <object_component id="oc-53">
         <name>.debug_aranges</name>
         <load_address>0xd8</load_address>
         <run_address>0xd8</run_address>
         <size>0x98</size>
         <input_file_ref idref="fl-5"/>
      </object_component>
      <object_component id="oc-5a">
         <name>.debug_aranges</name>
         <load_address>0x170</load_address>
         <run_address>0x170</run_address>
         <size>0x18</size>
         <input_file_ref idref="fl-34"/>
      </object_component>
      <object_component id="oc-5f">
         <name>.debug_aranges</name>
         <load_address>0x188</load_address>
         <run_address>0x188</run_address>
         <size>0x20</size>
         <input_file_ref idref="fl-35"/>
      </object_component>
      <object_component id="oc-64">
         <name>.debug_aranges</name>
         <load_address>0x1a8</load_address>
         <run_address>0x1a8</run_address>
         <size>0x18</size>
         <input_file_ref idref="fl-36"/>
      </object_component>
      <object_component id="oc-69">
         <name>.debug_aranges</name>
         <load_address>0x1c0</load_address>
         <run_address>0x1c0</run_address>
         <size>0x18</size>
         <input_file_ref idref="fl-37"/>
      </object_component>
      <object_component id="oc-6e">
         <name>.debug_aranges</name>
         <load_address>0x1d8</load_address>
         <run_address>0x1d8</run_address>
         <size>0x18</size>
         <input_file_ref idref="fl-38"/>
      </object_component>
      <object_component id="oc-72">
         <name>.debug_aranges</name>
         <load_address>0x1f0</load_address>
         <run_address>0x1f0</run_address>
         <size>0x20</size>
         <input_file_ref idref="fl-39"/>
      </object_component>
      <object_component id="oc-77">
         <name>.debug_aranges</name>
         <load_address>0x210</load_address>
         <run_address>0x210</run_address>
         <size>0x20</size>
         <input_file_ref idref="fl-3a"/>
      </object_component>
      <object_component id="oc-7e">
         <name>.debug_aranges</name>
         <load_address>0x230</load_address>
         <run_address>0x230</run_address>
         <size>0x20</size>
         <input_file_ref idref="fl-47"/>
      </object_component>
      <object_component id="oc-83">
         <name>.debug_aranges</name>
         <load_address>0x250</load_address>
         <run_address>0x250</run_address>
         <size>0x20</size>
         <input_file_ref idref="fl-48"/>
      </object_component>
      <object_component id="oc-88">
         <name>.debug_aranges</name>
         <load_address>0x270</load_address>
         <run_address>0x270</run_address>
         <size>0x20</size>
         <input_file_ref idref="fl-49"/>
      </object_component>
      <object_component id="oc-8d">
         <name>.debug_aranges</name>
         <load_address>0x290</load_address>
         <run_address>0x290</run_address>
         <size>0x18</size>
         <input_file_ref idref="fl-4a"/>
      </object_component>
      <object_component id="oc-92">
         <name>.debug_aranges</name>
         <load_address>0x2a8</load_address>
         <run_address>0x2a8</run_address>
         <size>0x20</size>
         <input_file_ref idref="fl-4b"/>
      </object_component>
      <object_component id="oc-97">
         <name>.debug_aranges</name>
         <load_address>0x2c8</load_address>
         <run_address>0x2c8</run_address>
         <size>0x30</size>
         <input_file_ref idref="fl-4c"/>
      </object_component>
      <object_component id="oc-9c">
         <name>.debug_aranges</name>
         <load_address>0x2f8</load_address>
         <run_address>0x2f8</run_address>
         <size>0x18</size>
         <input_file_ref idref="fl-4d"/>
      </object_component>
      <object_component id="oc-a2">
         <name>.debug_aranges</name>
         <load_address>0x310</load_address>
         <run_address>0x310</run_address>
         <size>0x50</size>
         <input_file_ref idref="fl-4e"/>
      </object_component>
      <object_component id="oc-a7">
         <name>.debug_aranges</name>
         <load_address>0x360</load_address>
         <run_address>0x360</run_address>
         <size>0x18</size>
         <input_file_ref idref="fl-4f"/>
      </object_component>
      <object_component id="oc-ac">
         <name>.debug_aranges</name>
         <load_address>0x378</load_address>
         <run_address>0x378</run_address>
         <size>0x20</size>
         <input_file_ref idref="fl-50"/>
      </object_component>
      <object_component id="oc-b1">
         <name>.debug_aranges</name>
         <load_address>0x398</load_address>
         <run_address>0x398</run_address>
         <size>0x20</size>
         <input_file_ref idref="fl-51"/>
      </object_component>
      <object_component id="oc-b6">
         <name>.debug_aranges</name>
         <load_address>0x3b8</load_address>
         <run_address>0x3b8</run_address>
         <size>0x20</size>
         <input_file_ref idref="fl-52"/>
      </object_component>
      <object_component id="oc-bb">
         <name>.debug_aranges</name>
         <load_address>0x3d8</load_address>
         <run_address>0x3d8</run_address>
         <size>0x20</size>
         <input_file_ref idref="fl-53"/>
      </object_component>
      <object_component id="oc-bf">
         <name>.debug_aranges</name>
         <load_address>0x3f8</load_address>
         <run_address>0x3f8</run_address>
         <size>0x20</size>
         <input_file_ref idref="fl-54"/>
      </object_component>
      <object_component id="oc-c4">
         <name>.debug_aranges</name>
         <load_address>0x418</load_address>
         <run_address>0x418</run_address>
         <size>0x20</size>
         <input_file_ref idref="fl-55"/>
      </object_component>
      <object_component id="oc-44">
         <name>.debug_frame</name>
         <load_address>0x0</load_address>
         <run_address>0x0</run_address>
         <size>0x128</size>
         <input_file_ref idref="fl-3"/>
      </object_component>
      <object_component id="oc-4a">
         <name>.debug_frame</name>
         <load_address>0x128</load_address>
         <run_address>0x128</run_address>
         <size>0xc5</size>
         <input_file_ref idref="fl-4"/>
      </object_component>
      <object_component id="oc-50">
         <name>.debug_frame</name>
         <load_address>0x1ed</load_address>
         <run_address>0x1ed</run_address>
         <size>0x1c5</size>
         <input_file_ref idref="fl-5"/>
      </object_component>
      <object_component id="oc-57">
         <name>.debug_frame</name>
         <load_address>0x3b2</load_address>
         <run_address>0x3b2</run_address>
         <size>0x32</size>
         <input_file_ref idref="fl-34"/>
      </object_component>
      <object_component id="oc-5c">
         <name>.debug_frame</name>
         <load_address>0x3e4</load_address>
         <run_address>0x3e4</run_address>
         <size>0x42</size>
         <input_file_ref idref="fl-35"/>
      </object_component>
      <object_component id="oc-61">
         <name>.debug_frame</name>
         <load_address>0x426</load_address>
         <run_address>0x426</run_address>
         <size>0x32</size>
         <input_file_ref idref="fl-36"/>
      </object_component>
      <object_component id="oc-66">
         <name>.debug_frame</name>
         <load_address>0x458</load_address>
         <run_address>0x458</run_address>
         <size>0x32</size>
         <input_file_ref idref="fl-37"/>
      </object_component>
      <object_component id="oc-6b">
         <name>.debug_frame</name>
         <load_address>0x48a</load_address>
         <run_address>0x48a</run_address>
         <size>0x32</size>
         <input_file_ref idref="fl-38"/>
      </object_component>
      <object_component id="oc-74">
         <name>.debug_frame</name>
         <load_address>0x4bc</load_address>
         <run_address>0x4bc</run_address>
         <size>0x47</size>
         <input_file_ref idref="fl-3a"/>
      </object_component>
      <object_component id="oc-80">
         <name>.debug_frame</name>
         <load_address>0x503</load_address>
         <run_address>0x503</run_address>
         <size>0x47</size>
         <input_file_ref idref="fl-48"/>
      </object_component>
      <object_component id="oc-85">
         <name>.debug_frame</name>
         <load_address>0x54a</load_address>
         <run_address>0x54a</run_address>
         <size>0x47</size>
         <input_file_ref idref="fl-49"/>
      </object_component>
      <object_component id="oc-8a">
         <name>.debug_frame</name>
         <load_address>0x591</load_address>
         <run_address>0x591</run_address>
         <size>0x32</size>
         <input_file_ref idref="fl-4a"/>
      </object_component>
      <object_component id="oc-8f">
         <name>.debug_frame</name>
         <load_address>0x5c3</load_address>
         <run_address>0x5c3</run_address>
         <size>0x47</size>
         <input_file_ref idref="fl-4b"/>
      </object_component>
      <object_component id="oc-94">
         <name>.debug_frame</name>
         <load_address>0x60a</load_address>
         <run_address>0x60a</run_address>
         <size>0x81</size>
         <input_file_ref idref="fl-4c"/>
      </object_component>
      <object_component id="oc-99">
         <name>.debug_frame</name>
         <load_address>0x68b</load_address>
         <run_address>0x68b</run_address>
         <size>0x32</size>
         <input_file_ref idref="fl-4d"/>
      </object_component>
      <object_component id="oc-9f">
         <name>.debug_frame</name>
         <load_address>0x6bd</load_address>
         <run_address>0x6bd</run_address>
         <size>0x13f</size>
         <input_file_ref idref="fl-4e"/>
      </object_component>
      <object_component id="oc-a4">
         <name>.debug_frame</name>
         <load_address>0x7fc</load_address>
         <run_address>0x7fc</run_address>
         <size>0x32</size>
         <input_file_ref idref="fl-4f"/>
      </object_component>
      <object_component id="oc-a9">
         <name>.debug_frame</name>
         <load_address>0x82e</load_address>
         <run_address>0x82e</run_address>
         <size>0x51</size>
         <input_file_ref idref="fl-50"/>
      </object_component>
      <object_component id="oc-b8">
         <name>.debug_frame</name>
         <load_address>0x87f</load_address>
         <run_address>0x87f</run_address>
         <size>0x47</size>
         <input_file_ref idref="fl-53"/>
      </object_component>
      <object_component id="oc-c1">
         <name>.debug_frame</name>
         <load_address>0x8c6</load_address>
         <run_address>0x8c6</run_address>
         <size>0x47</size>
         <input_file_ref idref="fl-55"/>
      </object_component>
   </object_component_list>
   <logical_group_list>
      <logical_group id="lg-2" display="no" color="cyan">
         <name>.bss</name>
         <run_address>0x200</run_address>
         <size>0x44</size>
         <contents>
            <object_component_ref idref="oc-40"/>
            <object_component_ref idref="oc-48"/>
            <object_component_ref idref="oc-4e"/>
         </contents>
      </logical_group>
      <logical_group id="lg-3" display="no" color="cyan">
         <name>.sysmem</name>
         <run_address>0x0</run_address>
         <size>0x0</size>
         <contents>
         </contents>
      </logical_group>
      <logical_group id="lg-4" display="no" color="cyan">
         <name>.stack</name>
         <run_address>0x5b0</run_address>
         <size>0x50</size>
         <contents>
            <object_component_ref idref="oc-55"/>
            <object_component_ref idref="oc-12f"/>
         </contents>
      </logical_group>
      <logical_group id="lg-5" display="no" color="cyan">
         <name>.text</name>
         <load_address>0x8000</load_address>
         <run_address>0x8000</run_address>
         <size>0xdd0</size>
         <contents>
            <object_component_ref idref="oc-e6"/>
            <object_component_ref idref="oc-d0"/>
            <object_component_ref idref="oc-fe"/>
            <object_component_ref idref="oc-3b"/>
            <object_component_ref idref="oc-fa"/>
            <object_component_ref idref="oc-e8"/>
            <object_component_ref idref="oc-104"/>
            <object_component_ref idref="oc-e3"/>
            <object_component_ref idref="oc-e4"/>
            <object_component_ref idref="oc-101"/>
            <object_component_ref idref="oc-de"/>
            <object_component_ref idref="oc-df"/>
            <object_component_ref idref="oc-b2"/>
            <object_component_ref idref="oc-fb"/>
            <object_component_ref idref="oc-cc"/>
            <object_component_ref idref="oc-ff"/>
            <object_component_ref idref="oc-ee"/>
            <object_component_ref idref="oc-f6"/>
            <object_component_ref idref="oc-e2"/>
            <object_component_ref idref="oc-e7"/>
            <object_component_ref idref="oc-dd"/>
            <object_component_ref idref="oc-f7"/>
            <object_component_ref idref="oc-103"/>
            <object_component_ref idref="oc-f5"/>
            <object_component_ref idref="oc-f4"/>
            <object_component_ref idref="oc-e5"/>
            <object_component_ref idref="oc-dc"/>
            <object_component_ref idref="oc-eb"/>
            <object_component_ref idref="oc-e0"/>
            <object_component_ref idref="oc-35"/>
            <object_component_ref idref="oc-f8"/>
            <object_component_ref idref="oc-102"/>
            <object_component_ref idref="oc-ed"/>
            <object_component_ref idref="oc-105"/>
            <object_component_ref idref="oc-e1"/>
            <object_component_ref idref="oc-ad"/>
            <object_component_ref idref="oc-db"/>
            <object_component_ref idref="oc-106"/>
            <object_component_ref idref="oc-ec"/>
            <object_component_ref idref="oc-f9"/>
            <object_component_ref idref="oc-c5"/>
            <object_component_ref idref="oc-c7"/>
            <object_component_ref idref="oc-c8"/>
            <object_component_ref idref="oc-100"/>
            <object_component_ref idref="oc-d2"/>
            <object_component_ref idref="oc-fd"/>
            <object_component_ref idref="oc-f2"/>
            <object_component_ref idref="oc-c9"/>
            <object_component_ref idref="oc-ef"/>
            <object_component_ref idref="oc-ca"/>
            <object_component_ref idref="oc-fc"/>
            <object_component_ref idref="oc-f1"/>
            <object_component_ref idref="oc-f0"/>
            <object_component_ref idref="oc-ea"/>
            <object_component_ref idref="oc-7a"/>
            <object_component_ref idref="oc-cb"/>
            <object_component_ref idref="oc-d1"/>
         </contents>
      </logical_group>
      <logical_group id="lg-6" display="no" color="cyan">
         <name>.cinit</name>
         <load_address>0x8dfc</load_address>
         <run_address>0x8dfc</run_address>
         <size>0x8</size>
         <contents>
            <object_component_ref idref="oc-42"/>
         </contents>
      </logical_group>
      <logical_group id="lg-7" display="no" color="cyan">
         <name>.const</name>
         <load_address>0x8dd0</load_address>
         <run_address>0x8dd0</run_address>
         <size>0x2b</size>
         <contents>
            <object_component_ref idref="oc-9e"/>
            <object_component_ref idref="oc-43"/>
            <object_component_ref idref="oc-f3"/>
         </contents>
      </logical_group>
      <logical_group id="lg-8" display="no" color="cyan">
         <name>.cio</name>
         <run_address>0x0</run_address>
         <size>0x0</size>
         <contents>
         </contents>
      </logical_group>
      <logical_group id="lg-9" display="no" color="cyan">
         <name>.pinit</name>
         <run_address>0x0</run_address>
         <size>0x0</size>
         <contents>
         </contents>
      </logical_group>
      <logical_group id="lg-a" display="no" color="cyan">
         <name>.infoA</name>
         <run_address>0x0</run_address>
         <size>0x0</size>
         <contents>
         </contents>
      </logical_group>
      <logical_group id="lg-b" display="no" color="cyan">
         <name>.infoB</name>
         <run_address>0x0</run_address>
         <size>0x0</size>
         <contents>
         </contents>
      </logical_group>
      <logical_group id="lg-c" display="no" color="cyan">
         <name>.infoC</name>
         <run_address>0x0</run_address>
         <size>0x0</size>
         <contents>
         </contents>
      </logical_group>
      <logical_group id="lg-d" display="no" color="cyan">
         <name>.infoD</name>
         <run_address>0x0</run_address>
         <size>0x0</size>
         <contents>
         </contents>
      </logical_group>
      <logical_group id="lg-e" display="no" color="cyan">
         <name>.int00</name>
         <load_address>0xffe0</load_address>
         <run_address>0xffe0</run_address>
         <size>0x2</size>
         <contents>
            <object_component_ref idref="oc-21"/>
         </contents>
      </logical_group>
      <logical_group id="lg-f" display="no" color="cyan">
         <name>.int01</name>
         <load_address>0xffe2</load_address>
         <run_address>0xffe2</run_address>
         <size>0x2</size>
         <contents>
            <object_component_ref idref="oc-22"/>
         </contents>
      </logical_group>
      <logical_group id="lg-10" display="no" color="cyan">
         <name>.int02</name>
         <load_address>0xffe4</load_address>
         <run_address>0xffe4</run_address>
         <size>0x2</size>
         <contents>
            <object_component_ref idref="oc-23"/>
         </contents>
      </logical_group>
      <logical_group id="lg-11" display="no" color="cyan">
         <name>.int03</name>
         <load_address>0xffe6</load_address>
         <run_address>0xffe6</run_address>
         <size>0x2</size>
         <contents>
            <object_component_ref idref="oc-24"/>
         </contents>
      </logical_group>
      <logical_group id="lg-12" display="no" color="cyan">
         <name>.int04</name>
         <load_address>0xffe8</load_address>
         <run_address>0xffe8</run_address>
         <size>0x2</size>
         <contents>
            <object_component_ref idref="oc-25"/>
         </contents>
      </logical_group>
      <logical_group id="lg-13" display="no" color="cyan">
         <name>.int05</name>
         <load_address>0xffea</load_address>
         <run_address>0xffea</run_address>
         <size>0x2</size>
         <contents>
            <object_component_ref idref="oc-26"/>
         </contents>
      </logical_group>
      <logical_group id="lg-14" display="no" color="cyan">
         <name>.int06</name>
         <load_address>0xffec</load_address>
         <run_address>0xffec</run_address>
         <size>0x2</size>
         <contents>
            <object_component_ref idref="oc-27"/>
         </contents>
      </logical_group>
      <logical_group id="lg-15" display="no" color="cyan">
         <name>.int07</name>
         <load_address>0xffee</load_address>
         <run_address>0xffee</run_address>
         <size>0x2</size>
         <contents>
            <object_component_ref idref="oc-28"/>
         </contents>
      </logical_group>
      <logical_group id="lg-16" display="no" color="cyan">
         <name>.int08</name>
         <load_address>0xfff0</load_address>
         <run_address>0xfff0</run_address>
         <size>0x2</size>
         <contents>
            <object_component_ref idref="oc-29"/>
         </contents>
      </logical_group>
      <logical_group id="lg-17" display="no" color="cyan">
         <name>.int09</name>
         <load_address>0xfff2</load_address>
         <run_address>0xfff2</run_address>
         <size>0x2</size>
         <contents>
            <object_component_ref idref="oc-2a"/>
         </contents>
      </logical_group>
      <logical_group id="lg-18" display="no" color="cyan">
         <name>.int10</name>
         <load_address>0xfff4</load_address>
         <run_address>0xfff4</run_address>
         <size>0x2</size>
         <contents>
            <object_component_ref idref="oc-2b"/>
         </contents>
      </logical_group>
      <logical_group id="lg-19" display="no" color="cyan">
         <name>.int11</name>
         <load_address>0xfff6</load_address>
         <run_address>0xfff6</run_address>
         <size>0x2</size>
         <contents>
            <object_component_ref idref="oc-2c"/>
         </contents>
      </logical_group>
      <logical_group id="lg-1a" display="no" color="cyan">
         <name>.int12</name>
         <load_address>0xfff8</load_address>
         <run_address>0xfff8</run_address>
         <size>0x2</size>
         <contents>
            <object_component_ref idref="oc-2d"/>
         </contents>
      </logical_group>
      <logical_group id="lg-1b" display="no" color="cyan">
         <name>.int13</name>
         <load_address>0xfffa</load_address>
         <run_address>0xfffa</run_address>
         <size>0x2</size>
         <contents>
            <object_component_ref idref="oc-2e"/>
         </contents>
      </logical_group>
      <logical_group id="lg-1c" display="no" color="cyan">
         <name>.int14</name>
         <load_address>0xfffc</load_address>
         <run_address>0xfffc</run_address>
         <size>0x2</size>
         <contents>
            <object_component_ref idref="oc-2f"/>
         </contents>
      </logical_group>
      <logical_group id="lg-1d" display="no" color="cyan">
         <name>.reset</name>
         <load_address>0xfffe</load_address>
         <run_address>0xfffe</run_address>
         <size>0x2</size>
         <contents>
            <object_component_ref idref="oc-56"/>
         </contents>
      </logical_group>
      <logical_group id="lg-123" display="never" color="cyan">
         <name>.debug_info</name>
         <load_address>0x0</load_address>
         <run_address>0x0</run_address>
         <size>0x6cf1</size>
         <contents>
            <object_component_ref idref="oc-3c"/>
            <object_component_ref idref="oc-41"/>
            <object_component_ref idref="oc-49"/>
            <object_component_ref idref="oc-4f"/>
            <object_component_ref idref="oc-54"/>
            <object_component_ref idref="oc-5b"/>
            <object_component_ref idref="oc-60"/>
            <object_component_ref idref="oc-65"/>
            <object_component_ref idref="oc-6a"/>
            <object_component_ref idref="oc-6f"/>
            <object_component_ref idref="oc-73"/>
            <object_component_ref idref="oc-78"/>
            <object_component_ref idref="oc-7b"/>
            <object_component_ref idref="oc-7f"/>
            <object_component_ref idref="oc-84"/>
            <object_component_ref idref="oc-89"/>
            <object_component_ref idref="oc-8e"/>
            <object_component_ref idref="oc-93"/>
            <object_component_ref idref="oc-98"/>
            <object_component_ref idref="oc-9d"/>
            <object_component_ref idref="oc-a3"/>
            <object_component_ref idref="oc-a8"/>
            <object_component_ref idref="oc-ae"/>
            <object_component_ref idref="oc-b3"/>
            <object_component_ref idref="oc-b7"/>
            <object_component_ref idref="oc-bc"/>
            <object_component_ref idref="oc-c0"/>
            <object_component_ref idref="oc-130"/>
         </contents>
      </logical_group>
      <logical_group id="lg-125" display="never" color="cyan">
         <name>.debug_line</name>
         <load_address>0x0</load_address>
         <run_address>0x0</run_address>
         <size>0xf26</size>
         <contents>
            <object_component_ref idref="oc-3d"/>
            <object_component_ref idref="oc-45"/>
            <object_component_ref idref="oc-4b"/>
            <object_component_ref idref="oc-51"/>
            <object_component_ref idref="oc-58"/>
            <object_component_ref idref="oc-5d"/>
            <object_component_ref idref="oc-62"/>
            <object_component_ref idref="oc-67"/>
            <object_component_ref idref="oc-6c"/>
            <object_component_ref idref="oc-70"/>
            <object_component_ref idref="oc-75"/>
            <object_component_ref idref="oc-7c"/>
            <object_component_ref idref="oc-81"/>
            <object_component_ref idref="oc-86"/>
            <object_component_ref idref="oc-8b"/>
            <object_component_ref idref="oc-90"/>
            <object_component_ref idref="oc-95"/>
            <object_component_ref idref="oc-9a"/>
            <object_component_ref idref="oc-a0"/>
            <object_component_ref idref="oc-a5"/>
            <object_component_ref idref="oc-aa"/>
            <object_component_ref idref="oc-af"/>
            <object_component_ref idref="oc-b4"/>
            <object_component_ref idref="oc-b9"/>
            <object_component_ref idref="oc-bd"/>
            <object_component_ref idref="oc-c2"/>
         </contents>
      </logical_group>
      <logical_group id="lg-127" display="never" color="cyan">
         <name>.debug_abbrev</name>
         <load_address>0x0</load_address>
         <run_address>0x0</run_address>
         <size>0x12ac</size>
         <contents>
            <object_component_ref idref="oc-3e"/>
            <object_component_ref idref="oc-46"/>
            <object_component_ref idref="oc-4c"/>
            <object_component_ref idref="oc-52"/>
            <object_component_ref idref="oc-59"/>
            <object_component_ref idref="oc-5e"/>
            <object_component_ref idref="oc-63"/>
            <object_component_ref idref="oc-68"/>
            <object_component_ref idref="oc-6d"/>
            <object_component_ref idref="oc-71"/>
            <object_component_ref idref="oc-76"/>
            <object_component_ref idref="oc-79"/>
            <object_component_ref idref="oc-7d"/>
            <object_component_ref idref="oc-82"/>
            <object_component_ref idref="oc-87"/>
            <object_component_ref idref="oc-8c"/>
            <object_component_ref idref="oc-91"/>
            <object_component_ref idref="oc-96"/>
            <object_component_ref idref="oc-9b"/>
            <object_component_ref idref="oc-a1"/>
            <object_component_ref idref="oc-a6"/>
            <object_component_ref idref="oc-ab"/>
            <object_component_ref idref="oc-b0"/>
            <object_component_ref idref="oc-b5"/>
            <object_component_ref idref="oc-ba"/>
            <object_component_ref idref="oc-be"/>
            <object_component_ref idref="oc-c3"/>
            <object_component_ref idref="oc-131"/>
         </contents>
      </logical_group>
      <logical_group id="lg-129" display="never" color="cyan">
         <name>.debug_aranges</name>
         <load_address>0x0</load_address>
         <run_address>0x0</run_address>
         <size>0x438</size>
         <contents>
            <object_component_ref idref="oc-3f"/>
            <object_component_ref idref="oc-47"/>
            <object_component_ref idref="oc-4d"/>
            <object_component_ref idref="oc-53"/>
            <object_component_ref idref="oc-5a"/>
            <object_component_ref idref="oc-5f"/>
            <object_component_ref idref="oc-64"/>
            <object_component_ref idref="oc-69"/>
            <object_component_ref idref="oc-6e"/>
            <object_component_ref idref="oc-72"/>
            <object_component_ref idref="oc-77"/>
            <object_component_ref idref="oc-7e"/>
            <object_component_ref idref="oc-83"/>
            <object_component_ref idref="oc-88"/>
            <object_component_ref idref="oc-8d"/>
            <object_component_ref idref="oc-92"/>
            <object_component_ref idref="oc-97"/>
            <object_component_ref idref="oc-9c"/>
            <object_component_ref idref="oc-a2"/>
            <object_component_ref idref="oc-a7"/>
            <object_component_ref idref="oc-ac"/>
            <object_component_ref idref="oc-b1"/>
            <object_component_ref idref="oc-b6"/>
            <object_component_ref idref="oc-bb"/>
            <object_component_ref idref="oc-bf"/>
            <object_component_ref idref="oc-c4"/>
         </contents>
      </logical_group>
      <logical_group id="lg-12b" display="never" color="cyan">
         <name>.debug_frame</name>
         <load_address>0x0</load_address>
         <run_address>0x0</run_address>
         <size>0x90d</size>
         <contents>
            <object_component_ref idref="oc-44"/>
            <object_component_ref idref="oc-4a"/>
            <object_component_ref idref="oc-50"/>
            <object_component_ref idref="oc-57"/>
            <object_component_ref idref="oc-5c"/>
            <object_component_ref idref="oc-61"/>
            <object_component_ref idref="oc-66"/>
[...]
      </symbol>
      <symbol id="sm-4a">
         <name>UCA0TXBUF</name>
         <value>0x67</value>
      </symbol>
      <symbol id="sm-4b">
         <name>UCA0ABCTL</name>
         <value>0x5d</value>
      </symbol>
      <symbol id="sm-4c">
         <name>UCA0IRTCTL</name>
         <value>0x5e</value>
      </symbol>
      <symbol id="sm-4d">
         <name>UCA0IRRCTL</name>
         <value>0x5f</value>
      </symbol>
      <symbol id="sm-4e">
         <name>UCB0CTL0</name>
         <value>0x68</value>
      </symbol>
      <symbol id="sm-4f">
         <name>UCB0CTL1</name>
         <value>0x69</value>
      </symbol>
      <symbol id="sm-50">
         <name>UCB0BR0</name>
         <value>0x6a</value>
      </symbol>
      <symbol id="sm-51">
         <name>UCB0BR1</name>
         <value>0x6b</value>
      </symbol>
      <symbol id="sm-52">
         <name>UCB0I2CIE</name>
         <value>0x6c</value>
      </symbol>
      <symbol id="sm-53">
         <name>UCB0STAT</name>
         <value>0x6d</value>
      </symbol>
      <symbol id="sm-54">
         <name>UCB0RXBUF</name>
         <value>0x6e</value>
      </symbol>
      <symbol id="sm-55">
         <name>UCB0TXBUF</name>
         <value>0x6f</value>
      </symbol>
      <symbol id="sm-56">
         <name>UCB0I2COA</name>
         <value>0x118</value>
      </symbol>
      <symbol id="sm-57">
         <name>UCB0I2CSA</name>
         <value>0x11a</value>
      </symbol>
      <symbol id="sm-58">
         <name>WDTCTL</name>
         <value>0x120</value>
      </symbol>
      <symbol id="sm-59">
         <name>CALDCO_16MHZ</name>
         <value>0x10f8</value>
      </symbol>
      <symbol id="sm-5a">
         <name>CALBC1_16MHZ</name>
         <value>0x10f9</value>
      </symbol>
      <symbol id="sm-5b">
         <name>CALDCO_12MHZ</name>
         <value>0x10fa</value>
      </symbol>
      <symbol id="sm-5c">
         <name>CALBC1_12MHZ</name>
         <value>0x10fb</value>
      </symbol>
      <symbol id="sm-5d">
         <name>CALDCO_8MHZ</name>
         <value>0x10fc</value>
      </symbol>
      <symbol id="sm-5e">
         <name>CALBC1_8MHZ</name>
         <value>0x10fd</value>
      </symbol>
      <symbol id="sm-5f">
         <name>CALDCO_1MHZ</name>
         <value>0x10fe</value>
      </symbol>
      <symbol id="sm-60">
         <name>CALBC1_1MHZ</name>
         <value>0x10ff</value>
      </symbol>
      <symbol id="sm-61">
         <name>cinit</name>
         <value>0x8dfc</value>
      </symbol>
      <symbol id="sm-62">
         <name>__cinit__</name>
         <value>0x8dfc</value>
      </symbol>
      <symbol id="sm-63">
         <name>pinit</name>
         <value>0xffffffff</value>
      </symbol>
      <symbol id="sm-64">
         <name>__pinit__</name>
         <value>0xffffffff</value>
      </symbol>
      <symbol id="sm-65">
         <name>binit</name>
         <value>0xffffffff</value>
      </symbol>
      <symbol id="sm-66">
         <name>__binit__</name>
         <value>0xffffffff</value>
      </symbol>
      <symbol id="sm-67">
         <name>__STACK_SIZE</name>
         <value>0x50</value>
      </symbol>
      <symbol id="sm-68">
         <name>__STACK_END</name>
         <value>0x600</value>
      </symbol>
      <symbol id="sm-69">
         <name>__c_args__</name>
         <value>0xffffffff</value>
      </symbol>
      <symbol id="sm-6a">
         <name>.text</name>
         <value>0x8000</value>
      </symbol>
      <symbol id="sm-6b">
         <name>__text__</name>
         <value>0x8000</value>
      </symbol>
      <symbol id="sm-6c">
         <name>etext</name>
         <value>0x8dd0</value>
      </symbol>
      <symbol id="sm-6d">
         <name>__etext__</name>
         <value>0x8dd0</value>
      </symbol>
      <symbol id="sm-6e">
         <name>.bss</name>
         <value>0x200</value>
      </symbol>
      <symbol id="sm-6f">
         <name>__bss__</name>
         <value>0x200</value>
      </symbol>
      <symbol id="sm-70">
         <name>end</name>
         <value>0x244</value>
      </symbol>
      <symbol id="sm-71">
         <name>__end__</name>
         <value>0x244</value>
      </symbol>
      <symbol id="sm-d1">
         <name>TI_SetDCO</name>
         <value>0x84be</value>
         <object_component_ref idref="oc-3b"/>
      </symbol>
      <symbol id="sm-124">
         <name>ucWDT_Count</name>
         <value>0x240</value>
         <object_component_ref idref="oc-40"/>
      </symbol>
      <symbol id="sm-125">
         <name>ADC10_ISR</name>
         <value>0x8d90</value>
         <object_component_ref idref="oc-c9"/>
      </symbol>
      <symbol id="sm-126">
         <name>__TI_int09</name>
         <value>0xfff2</value>
         <object_component_ref idref="oc-2a"/>
      </symbol>
      <symbol id="sm-127">
         <name>__TI_int05</name>
         <value>0xffea</value>
         <object_component_ref idref="oc-26"/>
      </symbol>
      <symbol id="sm-128">
         <name>__TI_int02</name>
         <value>0xffe4</value>
         <object_component_ref idref="oc-23"/>
      </symbol>
      <symbol id="sm-129">
         <name>__TI_int03</name>
         <value>0xffe6</value>
         <object_component_ref idref="oc-24"/>
      </symbol>
      <symbol id="sm-12a">
         <name>LED_OFF</name>
         <value>0x8db0</value>
         <object_component_ref idref="oc-f1"/>
      </symbol>
      <symbol id="sm-12b">
         <name>autotrim</name>
         <value>0x8000</value>
         <object_component_ref idref="oc-e6"/>
      </symbol>
      <symbol id="sm-12c">
         <name>t</name>
         <value>0x238</value>
         <object_component_ref idref="oc-40"/>
      </symbol>
      <symbol id="sm-12d">
         <name>j</name>
         <value>0x23a</value>
         <object_component_ref idref="oc-40"/>
      </symbol>
      <symbol id="sm-12e">
         <name>i</name>
         <value>0x236</value>
         <object_component_ref idref="oc-40"/>
      </symbol>
      <symbol id="sm-12f">
         <name>PORT1_ISR</name>
         <value>0x8d36</value>
         <object_component_ref idref="oc-c7"/>
      </symbol>
      <symbol id="sm-130">
         <name>result</name>
         <value>0x242</value>
         <object_component_ref idref="oc-40"/>
      </symbol>
      <symbol id="sm-131">
         <name>buf</name>
         <value>0x230</value>
         <object_component_ref idref="oc-40"/>
      </symbol>
      <symbol id="sm-132">
         <name>first_run</name>
         <value>0x23c</value>
         <object_component_ref idref="oc-40"/>
      </symbol>
      <symbol id="sm-133">
         <name>main</name>
         <value>0x81e8</value>
         <object_component_ref idref="oc-d0"/>
      </symbol>
      <symbol id="sm-134">
         <name>status</name>
         <value>0x241</value>
         <object_component_ref idref="oc-40"/>
      </symbol>
      <symbol id="sm-135">
         <name>LED_ON</name>
         <value>0x8db6</value>
         <object_component_ref idref="oc-f0"/>
      </symbol>
      <symbol id="sm-136">
         <name>PORT2_ISR</name>
         <value>0x8d46</value>
         <object_component_ref idref="oc-c8"/>
      </symbol>
      <symbol id="sm-137">
         <name>Delay_500ms</name>
         <value>0x8bda</value>
         <object_component_ref idref="oc-dc"/>
      </symbol>
      <symbol id="sm-138">
         <name>Toggle_LED_500ms</name>
         <value>0x8c12</value>
         <object_component_ref idref="oc-e0"/>
      </symbol>
      <symbol id="sm-139">
         <name>Timer_A</name>
         <value>0x8da0</value>
         <object_component_ref idref="oc-ca"/>
      </symbol>
      <symbol id="sm-13a">
         <name>test</name>
         <value>0x23e</value>
         <object_component_ref idref="oc-40"/>
      </symbol>
      <symbol id="sm-167">
         <name>MSP430_SPI_Rx</name>
         <value>0x89cc</value>
         <object_component_ref idref="oc-ee"/>
      </symbol>
      <symbol id="sm-168">
         <name>Stop_SPI_WDT</name>
         <value>0x8d56</value>
         <object_component_ref idref="oc-100"/>
      </symbol>
      <symbol id="sm-169">
         <name>MSP430_SPI_Tx</name>
         <value>0x88f4</value>
         <object_component_ref idref="oc-fb"/>
      </symbol>
      <symbol id="sm-16a">
         <name>Wake_PaLFI</name>
         <value>0x8cac</value>
         <object_component_ref idref="oc-e1"/>
      </symbol>
      <symbol id="sm-16b">
         <name>MSP430_SPI_Init</name>
         <value>0x8ad4</value>
         <object_component_ref idref="oc-dd"/>
      </symbol>
      <symbol id="sm-16c">
         <name>ucTX_ONLY</name>
         <value>0x22f</value>
         <object_component_ref idref="oc-48"/>
      </symbol>
      <symbol id="sm-16d">
         <name>ErrorMode</name>
         <value>0x8d98</value>
         <object_component_ref idref="oc-ef"/>
      </symbol>
      <symbol id="sm-16e">
         <name>Wait_for_Busy_low</name>
         <value>0x8da8</value>
         <object_component_ref idref="oc-fc"/>
      </symbol>
      <symbol id="sm-1b7">
         <name>TRP_Data</name>
         <value>0x200</value>
         <object_component_ref idref="oc-4e"/>
      </symbol>
      <symbol id="sm-1b8">
         <name>SPI_Program_UserPage</name>
         <value>0x8654</value>
         <object_component_ref idref="oc-e8"/>
      </symbol>
      <symbol id="sm-1b9">
         <name>SPI_Buf_Send</name>
         <value>0x8c7c</value>
         <object_component_ref idref="oc-ed"/>
      </symbol>
      <symbol id="sm-1ba">
         <name>SPI_Stack</name>
         <value>0x20e</value>
         <object_component_ref idref="oc-4e"/>
      </symbol>
      <symbol id="sm-1bb">
         <name>SPI_Read_SerialNum</name>
         <value>0x8726</value>
         <object_component_ref idref="oc-e3"/>
      </symbol>
      <symbol id="sm-1bc">
         <name>SPI_TRIM_W_PROG</name>
         <value>0x8b92</value>
         <object_component_ref idref="oc-f4"/>
      </symbol>
      <symbol id="sm-1bd">
         <name>SPI_TRIM_WO_PROG</name>
         <value>0x8b68</value>
         <object_component_ref idref="oc-f5"/>
      </symbol>
      <symbol id="sm-1be">
         <name>SPI_Read_CU_Data</name>
         <value>0x8810</value>
         <object_component_ref idref="oc-de"/>
      </symbol>
      <symbol id="sm-1bf">
         <name>SPI_Buf_Set_Output_Byte</name>
         <value>0x8bf6</value>
         <object_component_ref idref="oc-eb"/>
      </symbol>
      <symbol id="sm-1c0">
         <name>SPI_Set_Up_Telegram</name>
         <value>0x8d84</value>
         <object_component_ref idref="oc-f2"/>
      </symbol>
      <symbol id="sm-1c1">
         <name>SPI_Write_CU_Data</name>
         <value>0x885c</value>
         <object_component_ref idref="oc-df"/>
      </symbol>
      <symbol id="sm-1c2">
         <name>SPI_Buf_Set_Telegram_Length</name>
         <value>0x8d00</value>
         <object_component_ref idref="oc-ec"/>
      </symbol>
      <symbol id="sm-1c3">
         <name>SPI_CLKA_OFF</name>
         <value>0x8b08</value>
         <object_component_ref idref="oc-f7"/>
      </symbol>
      <symbol id="sm-1c4">
         <name>SPI_Read_PCU_State</name>
         <value>0x8a58</value>
         <object_component_ref idref="oc-e2"/>
      </symbol>
      <symbol id="sm-1c5">
         <name>SPI_Power_Down</name>
         <value>0x8bbc</value>
         <object_component_ref idref="oc-e5"/>
      </symbol>
      <symbol id="sm-1c6">
         <name>SPI_Buf_Reset</name>
         <value>0x8dbc</value>
         <object_component_ref idref="oc-ea"/>
      </symbol>
      <symbol id="sm-1c7">
         <name>SPI_Read_UserPage</name>
         <value>0x8774</value>
         <object_component_ref idref="oc-e4"/>
      </symbol>
      <symbol id="sm-1c8">
         <name>SPI_CLKA_ON</name>
         <value>0x8a12</value>
         <object_component_ref idref="oc-f6"/>
      </symbol>
      <symbol id="sm-1d7">
         <name>_stack</name>
         <value>0x5b0</value>
         <object_component_ref idref="oc-55"/>
      </symbol>
      <symbol id="sm-1d8">
         <name>_reset_vector</name>
         <value>0xfffe</value>
         <object_component_ref idref="oc-56"/>
      </symbol>
      <symbol id="sm-1e6">
         <name>_c_int00_noargs_noexit</name>
         <value>0x8c2e</value>
         <object_component_ref idref="oc-35"/>
      </symbol>
      <symbol id="sm-20e">
         <name>func_epilog_1</name>
         <value>0x8d72</value>
         <object_component_ref idref="oc-d2"/>
      </symbol>
      <symbol id="sm-20f">
         <name>func_epilog_2</name>
         <value>0x8d70</value>
         <object_component_ref idref="oc-d2"/>
      </symbol>
      <symbol id="sm-210">
         <name>func_epilog_3</name>
         <value>0x8d6e</value>
         <object_component_ref idref="oc-d2"/>
      </symbol>
      <symbol id="sm-211">
         <name>func_epilog_4</name>
         <value>0x8d6c</value>
         <object_component_ref idref="oc-d2"/>
      </symbol>
      <symbol id="sm-212">
         <name>func_epilog_5</name>
         <value>0x8d6a</value>
         <object_component_ref idref="oc-d2"/>
      </symbol>
      <symbol id="sm-213">
         <name>func_epilog_6</name>
         <value>0x8d68</value>
         <object_component_ref idref="oc-d2"/>
      </symbol>
      <symbol id="sm-214">
         <name>func_epilog_7</name>
         <value>0x8d66</value>
         <object_component_ref idref="oc-d2"/>
      </symbol>
      <symbol id="sm-222">
         <name>C$$EXIT</name>
         <value>0x8dcc</value>
         <object_component_ref idref="oc-d1"/>
      </symbol>
      <symbol id="sm-223">
         <name>abort</name>
         <value>0x8dcc</value>
         <object_component_ref idref="oc-d1"/>
      </symbol>
      <symbol id="sm-22c">
         <name>__TI_int00</name>
         <value>0xffe0</value>
         <object_component_ref idref="oc-21"/>
      </symbol>
      <symbol id="sm-230">
         <name>__TI_int01</name>
         <value>0xffe2</value>
         <object_component_ref idref="oc-22"/>
      </symbol>
      <symbol id="sm-234">
         <name>__TI_int04</name>
         <value>0xffe8</value>
         <object_component_ref idref="oc-25"/>
      </symbol>
      <symbol id="sm-238">
         <name>__TI_int06</name>
         <value>0xffec</value>
         <object_component_ref idref="oc-27"/>
      </symbol>
      <symbol id="sm-23c">
         <name>__TI_int07</name>
         <value>0xffee</value>
         <object_component_ref idref="oc-28"/>
      </symbol>
      <symbol id="sm-240">
         <name>__TI_int08</name>
         <value>0xfff0</value>
         <object_component_ref idref="oc-29"/>
      </symbol>
      <symbol id="sm-244">
         <name>__TI_int10</name>
         <value>0xfff4</value>
         <object_component_ref idref="oc-2b"/>
      </symbol>
      <symbol id="sm-248">
         <name>__TI_int11</name>
         <value>0xfff6</value>
         <object_component_ref idref="oc-2c"/>
      </symbol>
      <symbol id="sm-24c">
         <name>__TI_int12</name>
         <value>0xfff8</value>
         <object_component_ref idref="oc-2d"/>
      </symbol>
      <symbol id="sm-250">
         <name>__TI_int13</name>
         <value>0xfffa</value>
         <object_component_ref idref="oc-2e"/>
      </symbol>
      <symbol id="sm-254">
         <name>__TI_int14</name>
         <value>0xfffc</value>
         <object_component_ref idref="oc-2f"/>
      </symbol>
      <symbol id="sm-260">
         <name>__TI_ISR_TRAP</name>
         <value>0x8dc2</value>
         <object_component_ref idref="oc-7a"/>
      </symbol>
      <symbol id="sm-26e">
         <name>memcpy</name>
         <value>0x8d24</value>
         <object_component_ref idref="oc-c5"/>
      </symbol>
      <symbol id="sm-27c">
         <name>memset</name>
         <value>0x8cd8</value>
         <object_component_ref idref="oc-db"/>
      </symbol>
      <symbol id="sm-291">
         <name>_system_pre_init</name>
         <value>0x8dc8</value>
         <object_component_ref idref="oc-cb"/>
      </symbol>
      <symbol id="sm-2a3">
         <name>sprintf</name>
         <value>0x8a9c</value>
         <object_component_ref idref="oc-e7"/>
      </symbol>
      <symbol id="sm-2ec">
         <name>__TI_printfi_minimal</name>
         <value>0x858a</value>
         <object_component_ref idref="oc-fa"/>
      </symbol>
      <symbol id="sm-309">
         <name>_auto_init</name>
         <value>0x893c</value>
         <object_component_ref idref="oc-cc"/>
      </symbol>
      <symbol id="sm-317">
         <name>__remu</name>
         <value>0x8cc2</value>
         <object_component_ref idref="oc-ad"/>
      </symbol>
      <symbol id="sm-318">
         <name>__divu</name>
         <value>0x8cc2</value>
         <object_component_ref idref="oc-ad"/>
      </symbol>
      <symbol id="sm-324">
         <name>I_LSR</name>
         <value>0x88a8</value>
         <object_component_ref idref="oc-b2"/>
      </symbol>
      <symbol id="sm-325">
         <name>I_LSR_12</name>
         <value>0x88c2</value>
         <object_component_ref idref="oc-b2"/>
      </symbol>
      <symbol id="sm-326">
         <name>I_LSR_13</name>
         <value>0x88be</value>
         <object_component_ref idref="oc-b2"/>
      </symbol>
      <symbol id="sm-327">
         <name>I_LSR_10</name>
         <value>0x88ca</value>
         <object_component_ref idref="oc-b2"/>
      </symbol>
      <symbol id="sm-328">
         <name>I_LSR_11</name>
         <value>0x88c6</value>
         <object_component_ref idref="oc-b2"/>
      </symbol>
      <symbol id="sm-329">
         <name>I_LSR_14</name>
         <value>0x88ba</value>
         <object_component_ref idref="oc-b2"/>
      </symbol>
      <symbol id="sm-32a">
         <name>I_LSR_15</name>
         <value>0x88b6</value>
         <object_component_ref idref="oc-b2"/>
      </symbol>
      <symbol id="sm-32b">
         <name>I_LSR_3</name>
         <value>0x88e6</value>
         <object_component_ref idref="oc-b2"/>
      </symbol>
      <symbol id="sm-32c">
         <name>I_LSR_2</name>
         <value>0x88ea</value>
         <object_component_ref idref="oc-b2"/>
      </symbol>
      <symbol id="sm-32d">
         <name>I_LSR_1</name>
         <value>0x88ee</value>
         <object_component_ref idref="oc-b2"/>
      </symbol>
      <symbol id="sm-32e">
         <name>I_LSR_7</name>
         <value>0x88d6</value>
         <object_component_ref idref="oc-b2"/>
      </symbol>
      <symbol id="sm-32f">
         <name>I_LSR_6</name>
         <value>0x88da</value>
         <object_component_ref idref="oc-b2"/>
      </symbol>
      <symbol id="sm-330">
         <name>I_LSR_5</name>
         <value>0x88de</value>
         <object_component_ref idref="oc-b2"/>
      </symbol>
      <symbol id="sm-331">
         <name>I_LSR_4</name>
         <value>0x88e2</value>
         <object_component_ref idref="oc-b2"/>
      </symbol>
      <symbol id="sm-332">
         <name>I_LSR_9</name>
         <value>0x88ce</value>
         <object_component_ref idref="oc-b2"/>
      </symbol>
      <symbol id="sm-333">
         <name>I_LSR_8</name>
         <value>0x88d2</value>
         <object_component_ref idref="oc-b2"/>
      </symbol>
      <symbol id="sm-342">
         <name>memccpy</name>
         <value>0x8c62</value>
         <object_component_ref idref="oc-102"/>
      </symbol>
      <symbol id="sm-350">
         <name>__mpyi_sw</name>
         <value>0x8cec</value>
         <object_component_ref idref="oc-106"/>
      </symbol>
      <symbol id="sm-351">
         <name>__mpyi</name>
         <value>0x8cec</value>
         <object_component_ref idref="oc-106"/>
      </symbol>
      <symbol id="sm-35e">
         <name>strlen</name>
         <value>0x8d76</value>
         <object_component_ref idref="oc-fd"/>
      </symbol>
   </symbol_table>
   <title>Link successful</title>
</link_info>
